==============================
Settings:
ckp_name:       BertNEROriginal_FILTERED_0.8979     
batch_size:     48                                  
==============================
  0%|          | 0/16454 [00:00<?, ?it/s]  0%|          | 40/16454 [00:00<00:41, 397.41it/s]  1%|          | 99/16454 [00:00<00:32, 506.59it/s]  1%|          | 160/16454 [00:00<00:29, 547.61it/s]  1%|▏         | 231/16454 [00:00<00:26, 606.81it/s]  2%|▏         | 297/16454 [00:00<00:25, 623.04it/s]  2%|▏         | 360/16454 [00:00<00:26, 599.33it/s]  3%|▎         | 428/16454 [00:00<00:25, 624.45it/s]  3%|▎         | 492/16454 [00:00<00:25, 627.92it/s]  3%|▎         | 562/16454 [00:00<00:24, 649.01it/s]  4%|▍         | 628/16454 [00:01<00:24, 642.91it/s]  4%|▍         | 693/16454 [00:01<00:25, 622.72it/s]  5%|▍         | 756/16454 [00:01<00:25, 622.89it/s]  5%|▍         | 819/16454 [00:01<00:25, 614.86it/s]  5%|▌         | 886/16454 [00:01<00:24, 630.11it/s]  6%|▌         | 955/16454 [00:01<00:23, 647.08it/s]  6%|▌         | 1020/16454 [00:01<00:24, 632.89it/s]  7%|▋         | 1084/16454 [00:01<00:24, 618.93it/s]  7%|▋         | 1148/16454 [00:01<00:24, 623.66it/s]  7%|▋         | 1213/16454 [00:01<00:24, 630.64it/s]  8%|▊         | 1277/16454 [00:02<00:24, 619.63it/s]  8%|▊         | 1346/16454 [00:02<00:23, 638.43it/s]  9%|▊         | 1410/16454 [00:02<00:23, 627.55it/s]  9%|▉         | 1473/16454 [00:02<00:23, 626.14it/s]  9%|▉         | 1536/16454 [00:02<00:23, 626.38it/s] 10%|▉         | 1600/16454 [00:02<00:23, 627.28it/s] 10%|█         | 1663/16454 [00:02<00:23, 626.69it/s] 11%|█         | 1730/16454 [00:02<00:23, 636.61it/s] 11%|█         | 1794/16454 [00:02<00:23, 619.67it/s] 11%|█▏        | 1857/16454 [00:02<00:23, 617.84it/s] 12%|█▏        | 1923/16454 [00:03<00:23, 626.53it/s] 12%|█▏        | 1986/16454 [00:03<00:23, 605.46it/s] 12%|█▏        | 2047/16454 [00:03<00:24, 594.08it/s] 13%|█▎        | 2107/16454 [00:03<00:24, 586.55it/s] 13%|█▎        | 2174/16454 [00:03<00:23, 609.81it/s] 14%|█▎        | 2239/16454 [00:03<00:22, 619.72it/s] 14%|█▍        | 2304/16454 [00:03<00:22, 627.49it/s] 14%|█▍        | 2367/16454 [00:03<00:22, 624.40it/s] 15%|█▍        | 2430/16454 [00:03<00:22, 626.00it/s] 15%|█▌        | 2493/16454 [00:04<00:22, 618.10it/s] 16%|█▌        | 2562/16454 [00:04<00:21, 637.65it/s] 16%|█▌        | 2626/16454 [00:04<00:22, 626.57it/s] 16%|█▋        | 2692/16454 [00:04<00:21, 629.60it/s] 17%|█▋        | 2756/16454 [00:04<00:22, 615.29it/s] 17%|█▋        | 2820/16454 [00:04<00:21, 620.30it/s] 18%|█▊        | 2883/16454 [00:04<00:21, 618.18it/s] 18%|█▊        | 2948/16454 [00:04<00:21, 627.38it/s] 18%|█▊        | 3015/16454 [00:04<00:21, 638.73it/s] 19%|█▊        | 3079/16454 [00:05<00:44, 297.58it/s] 19%|█▉        | 3189/16454 [00:05<00:30, 429.35it/s] 20%|██        | 3295/16454 [00:05<00:23, 549.26it/s] 21%|██        | 3384/16454 [00:05<00:21, 621.92it/s] 21%|██        | 3479/16454 [00:05<00:18, 697.27it/s] 22%|██▏       | 3582/16454 [00:05<00:16, 780.13it/s] 22%|██▏       | 3689/16454 [00:05<00:14, 854.42it/s] 23%|██▎       | 3796/16454 [00:06<00:13, 912.53it/s] 24%|██▎       | 3895/16454 [00:06<00:13, 922.85it/s] 24%|██▍       | 3999/16454 [00:06<00:13, 955.55it/s] 25%|██▍       | 4110/16454 [00:06<00:12, 998.59it/s] 26%|██▌       | 4213/16454 [00:06<00:12, 997.44it/s] 26%|██▌       | 4319/16454 [00:06<00:11, 1014.31it/s] 27%|██▋       | 4422/16454 [00:06<00:11, 1010.99it/s] 28%|██▊       | 4533/16454 [00:06<00:11, 1039.10it/s] 28%|██▊       | 4639/16454 [00:06<00:11, 1042.80it/s] 29%|██▉       | 4744/16454 [00:06<00:11, 1042.71it/s] 29%|██▉       | 4849/16454 [00:07<00:11, 1016.89it/s] 30%|███       | 4952/16454 [00:07<00:11, 1013.33it/s] 31%|███       | 5061/16454 [00:07<00:11, 1035.36it/s] 31%|███▏      | 5165/16454 [00:07<00:11, 987.69it/s]  32%|███▏      | 5265/16454 [00:07<00:11, 985.66it/s] 33%|███▎      | 5364/16454 [00:07<00:11, 982.13it/s] 33%|███▎      | 5476/16454 [00:07<00:10, 1020.01it/s] 34%|███▍      | 5579/16454 [00:07<00:10, 1001.95it/s] 35%|███▍      | 5680/16454 [00:07<00:10, 989.27it/s]  35%|███▌      | 5792/16454 [00:08<00:10, 1026.80it/s] 36%|███▌      | 5900/16454 [00:08<00:10, 1040.94it/s] 36%|███▋      | 6005/16454 [00:08<00:10, 1040.07it/s] 37%|███▋      | 6120/16454 [00:08<00:09, 1071.20it/s] 38%|███▊      | 6228/16454 [00:08<00:09, 1067.59it/s] 39%|███▊      | 6335/16454 [00:08<00:09, 1055.83it/s] 39%|███▉      | 6452/16454 [00:08<00:09, 1086.70it/s] 40%|███▉      | 6561/16454 [00:08<00:09, 1077.35it/s] 41%|████      | 6669/16454 [00:08<00:09, 1063.52it/s] 41%|████      | 6776/16454 [00:08<00:09, 1045.87it/s] 42%|████▏     | 6881/16454 [00:09<00:09, 1045.70it/s] 42%|████▏     | 6986/16454 [00:09<00:09, 1027.40it/s] 43%|████▎     | 7105/16454 [00:09<00:08, 1074.53it/s] 44%|████▍     | 7213/16454 [00:09<00:18, 511.79it/s]  44%|████▍     | 7312/16454 [00:09<00:15, 591.22it/s] 45%|████▌     | 7411/16454 [00:09<00:13, 667.46it/s] 46%|████▌     | 7505/16454 [00:10<00:12, 725.20it/s] 46%|████▋     | 7617/16454 [00:10<00:10, 815.55it/s] 47%|████▋     | 7718/16454 [00:10<00:10, 863.71it/s] 48%|████▊     | 7818/16454 [00:10<00:09, 898.62it/s] 48%|████▊     | 7923/16454 [00:10<00:09, 937.41it/s] 49%|████▉     | 8024/16454 [00:10<00:08, 936.91it/s] 49%|████▉     | 8123/16454 [00:10<00:08, 949.67it/s] 50%|█████     | 8231/16454 [00:10<00:08, 984.13it/s] 51%|█████     | 8335/16454 [00:10<00:08, 997.84it/s] 51%|█████▏    | 8437/16454 [00:10<00:08, 984.58it/s] 52%|█████▏    | 8547/16454 [00:11<00:07, 1016.31it/s] 53%|█████▎    | 8657/16454 [00:11<00:07, 1039.93it/s] 53%|█████▎    | 8773/16454 [00:11<00:07, 1074.65it/s] 54%|█████▍    | 8883/16454 [00:11<00:07, 1081.41it/s] 55%|█████▍    | 8992/16454 [00:11<00:06, 1074.00it/s] 55%|█████▌    | 9100/16454 [00:11<00:06, 1072.07it/s] 56%|█████▌    | 9208/16454 [00:11<00:06, 1056.05it/s] 57%|█████▋    | 9331/16454 [00:11<00:06, 1106.81it/s] 57%|█████▋    | 9442/16454 [00:11<00:06, 1070.19it/s] 58%|█████▊    | 9550/16454 [00:11<00:06, 1043.59it/s] 59%|█████▊    | 9659/16454 [00:12<00:06, 1056.29it/s] 59%|█████▉    | 9770/16454 [00:12<00:06, 1071.29it/s] 60%|██████    | 9895/16454 [00:12<00:05, 1121.57it/s] 61%|██████    | 10013/16454 [00:12<00:05, 1135.43it/s] 62%|██████▏   | 10127/16454 [00:12<00:05, 1114.47it/s] 62%|██████▏   | 10239/16454 [00:12<00:05, 1054.21it/s] 63%|██████▎   | 10346/16454 [00:12<00:05, 1020.21it/s] 64%|██████▎   | 10455/16454 [00:12<00:05, 1039.36it/s] 64%|██████▍   | 10560/16454 [00:12<00:05, 1012.07it/s] 65%|██████▍   | 10666/16454 [00:13<00:05, 1025.35it/s] 66%|██████▌   | 10781/16454 [00:13<00:05, 1058.04it/s] 66%|██████▌   | 10890/16454 [00:13<00:05, 1067.15it/s] 67%|██████▋   | 10998/16454 [00:13<00:05, 1066.94it/s] 67%|██████▋   | 11105/16454 [00:13<00:05, 1060.24it/s] 68%|██████▊   | 11212/16454 [00:13<00:04, 1048.58it/s] 69%|██████▉   | 11317/16454 [00:13<00:04, 1041.39it/s] 69%|██████▉   | 11423/16454 [00:13<00:04, 1045.74it/s] 70%|███████   | 11528/16454 [00:13<00:04, 1038.42it/s] 71%|███████   | 11632/16454 [00:13<00:04, 1030.09it/s] 71%|███████▏  | 11744/16454 [00:14<00:04, 1053.92it/s] 72%|███████▏  | 11850/16454 [00:14<00:04, 1038.14it/s] 73%|███████▎  | 11962/16454 [00:14<00:04, 1060.50it/s] 73%|███████▎  | 12069/16454 [00:14<00:04, 1054.12it/s] 74%|███████▍  | 12175/16454 [00:14<00:04, 1042.72it/s] 75%|███████▍  | 12290/16454 [00:14<00:03, 1072.28it/s] 75%|███████▌  | 12398/16454 [00:14<00:03, 1041.59it/s] 76%|███████▌  | 12503/16454 [00:15<00:08, 478.08it/s]  77%|███████▋  | 12602/16454 [00:15<00:06, 559.53it/s] 77%|███████▋  | 12712/16454 [00:15<00:05, 658.62it/s] 78%|███████▊  | 12819/16454 [00:15<00:04, 743.79it/s] 79%|███████▊  | 12922/16454 [00:15<00:04, 808.69it/s] 79%|███████▉  | 13026/16454 [00:15<00:03, 865.46it/s] 80%|███████▉  | 13138/16454 [00:15<00:03, 931.75it/s] 80%|████████  | 13242/16454 [00:15<00:03, 957.66it/s] 81%|████████  | 13350/16454 [00:15<00:03, 990.86it/s] 82%|████████▏ | 13456/16454 [00:16<00:02, 1009.53it/s] 82%|████████▏ | 13561/16454 [00:16<00:02, 1008.62it/s] 83%|████████▎ | 13665/16454 [00:16<00:02, 1005.44it/s] 84%|████████▎ | 13772/16454 [00:16<00:02, 1022.35it/s] 84%|████████▍ | 13876/16454 [00:16<00:02, 1027.23it/s] 85%|████████▍ | 13980/16454 [00:16<00:02, 1029.50it/s] 86%|████████▌ | 14084/16454 [00:16<00:02, 1030.10it/s] 86%|████████▌ | 14188/16454 [00:16<00:02, 1029.81it/s] 87%|████████▋ | 14292/16454 [00:16<00:02, 1002.85it/s] 87%|████████▋ | 14395/16454 [00:16<00:02, 1009.16it/s] 88%|████████▊ | 14497/16454 [00:17<00:01, 997.96it/s]  89%|████████▊ | 14600/16454 [00:17<00:01, 1006.39it/s] 89%|████████▉ | 14701/16454 [00:17<00:01, 990.41it/s]  90%|████████▉ | 14802/16454 [00:17<00:01, 993.99it/s] 91%|█████████ | 14902/16454 [00:17<00:01, 994.41it/s] 91%|█████████ | 15004/16454 [00:17<00:01, 999.81it/s] 92%|█████████▏| 15105/16454 [00:17<00:01, 1001.69it/s] 92%|█████████▏| 15206/16454 [00:17<00:01, 999.98it/s]  93%|█████████▎| 15307/16454 [00:17<00:01, 989.05it/s] 94%|█████████▎| 15406/16454 [00:18<00:01, 968.85it/s] 94%|█████████▍| 15503/16454 [00:18<00:01, 900.86it/s] 95%|█████████▍| 15594/16454 [00:18<00:01, 794.39it/s] 95%|█████████▌| 15677/16454 [00:18<00:01, 740.68it/s] 96%|█████████▌| 15754/16454 [00:18<00:01, 690.97it/s] 96%|█████████▌| 15825/16454 [00:18<00:00, 666.63it/s] 97%|█████████▋| 15893/16454 [00:18<00:00, 637.84it/s] 97%|█████████▋| 15958/16454 [00:18<00:00, 639.45it/s] 97%|█████████▋| 16023/16454 [00:19<00:00, 621.73it/s] 98%|█████████▊| 16086/16454 [00:19<00:00, 595.87it/s] 98%|█████████▊| 16147/16454 [00:19<00:00, 597.09it/s] 98%|█████████▊| 16207/16454 [00:19<00:00, 589.84it/s] 99%|█████████▉| 16267/16454 [00:19<00:00, 573.04it/s] 99%|█████████▉| 16328/16454 [00:19<00:00, 581.14it/s]100%|█████████▉| 16390/16454 [00:19<00:00, 588.80it/s]100%|█████████▉| 16449/16454 [00:19<00:00, 581.44it/s]100%|██████████| 16454/16454 [00:19<00:00, 832.22it/s]
Done! result is written to the json file
