==============================
Settings:
ckp_name:       BertNERLSTM_FILTERED     
batch_size:     48                       
==============================
  0%|          | 0/16454 [00:00<?, ?it/s]  0%|          | 82/16454 [00:00<00:20, 817.96it/s]  2%|▏         | 252/16454 [00:00<00:12, 1334.01it/s]  3%|▎         | 418/16454 [00:00<00:10, 1482.36it/s]  4%|▎         | 589/16454 [00:00<00:10, 1569.64it/s]  5%|▍         | 749/16454 [00:00<00:09, 1579.99it/s]  6%|▌         | 920/16454 [00:00<00:09, 1622.77it/s]  7%|▋         | 1083/16454 [00:00<00:09, 1605.90it/s]  8%|▊         | 1248/16454 [00:00<00:09, 1619.73it/s]  9%|▊         | 1415/16454 [00:00<00:09, 1633.40it/s] 10%|▉         | 1579/16454 [00:01<00:09, 1626.45it/s] 11%|█         | 1747/16454 [00:01<00:08, 1641.91it/s] 12%|█▏        | 1913/16454 [00:01<00:08, 1644.97it/s] 13%|█▎        | 2078/16454 [00:01<00:09, 1579.71it/s] 14%|█▎        | 2246/16454 [00:01<00:08, 1607.23it/s] 15%|█▍        | 2414/16454 [00:01<00:08, 1627.98it/s] 16%|█▌        | 2580/16454 [00:01<00:08, 1635.32it/s] 17%|█▋        | 2744/16454 [00:01<00:08, 1625.37it/s] 18%|█▊        | 2912/16454 [00:01<00:08, 1639.17it/s] 19%|█▊        | 3077/16454 [00:02<00:13, 1012.00it/s] 20%|█▉        | 3249/16454 [00:02<00:11, 1158.11it/s] 21%|██        | 3398/16454 [00:02<00:10, 1233.88it/s] 22%|██▏       | 3562/16454 [00:02<00:09, 1332.62it/s] 23%|██▎       | 3726/16454 [00:02<00:09, 1411.59it/s] 24%|██▎       | 3881/16454 [00:02<00:08, 1446.13it/s] 25%|██▍       | 4045/16454 [00:02<00:08, 1499.01it/s] 26%|██▌       | 4216/16454 [00:02<00:07, 1557.57it/s] 27%|██▋       | 4378/16454 [00:02<00:07, 1566.27it/s] 28%|██▊       | 4550/16454 [00:03<00:07, 1610.92it/s] 29%|██▊       | 4714/16454 [00:03<00:07, 1615.73it/s] 30%|██▉       | 4878/16454 [00:03<00:07, 1617.85it/s] 31%|███       | 5042/16454 [00:03<00:07, 1430.22it/s] 32%|███▏      | 5192/16454 [00:03<00:07, 1448.71it/s] 33%|███▎      | 5354/16454 [00:03<00:07, 1494.21it/s] 34%|███▎      | 5524/16454 [00:03<00:07, 1551.19it/s] 35%|███▍      | 5682/16454 [00:03<00:06, 1541.34it/s] 36%|███▌      | 5848/16454 [00:03<00:06, 1575.27it/s] 37%|███▋      | 6017/16454 [00:03<00:06, 1608.15it/s] 38%|███▊      | 6191/16454 [00:04<00:06, 1645.19it/s] 39%|███▊      | 6357/16454 [00:04<00:06, 1627.81it/s] 40%|███▉      | 6532/16454 [00:04<00:05, 1661.74it/s] 41%|████      | 6699/16454 [00:04<00:05, 1644.78it/s] 42%|████▏     | 6865/16454 [00:04<00:05, 1643.69it/s] 43%|████▎     | 7030/16454 [00:04<00:05, 1638.59it/s] 44%|████▎     | 7195/16454 [00:04<00:09, 979.86it/s]  45%|████▍     | 7351/16454 [00:05<00:08, 1094.85it/s] 46%|████▌     | 7502/16454 [00:05<00:07, 1186.50it/s] 47%|████▋     | 7664/16454 [00:05<00:06, 1289.12it/s] 48%|████▊     | 7822/16454 [00:05<00:06, 1363.19it/s] 48%|████▊     | 7977/16454 [00:05<00:06, 1411.85it/s] 49%|████▉     | 8129/16454 [00:05<00:05, 1439.88it/s] 50%|█████     | 8289/16454 [00:05<00:05, 1481.34it/s] 51%|█████▏    | 8443/16454 [00:05<00:05, 1492.15it/s] 52%|█████▏    | 8611/16454 [00:05<00:05, 1543.88it/s] 53%|█████▎    | 8794/16454 [00:05<00:04, 1625.07it/s] 54%|█████▍    | 8962/16454 [00:06<00:04, 1640.26it/s] 55%|█████▌    | 9128/16454 [00:06<00:04, 1633.82it/s] 57%|█████▋    | 9299/16454 [00:06<00:04, 1654.92it/s] 58%|█████▊    | 9466/16454 [00:06<00:04, 1655.81it/s] 59%|█████▊    | 9633/16454 [00:06<00:04, 1632.66it/s] 60%|█████▉    | 9811/16454 [00:06<00:03, 1674.39it/s] 61%|██████    | 9990/16454 [00:06<00:03, 1705.26it/s] 62%|██████▏   | 10161/16454 [00:06<00:03, 1672.88it/s] 63%|██████▎   | 10329/16454 [00:06<00:03, 1611.70it/s] 64%|██████▍   | 10491/16454 [00:06<00:03, 1603.88it/s] 65%|██████▍   | 10652/16454 [00:07<00:03, 1588.74it/s] 66%|██████▌   | 10827/16454 [00:07<00:03, 1634.22it/s] 67%|██████▋   | 10991/16454 [00:07<00:03, 1635.70it/s] 68%|██████▊   | 11155/16454 [00:07<00:03, 1632.70it/s] 69%|██████▉   | 11319/16454 [00:07<00:03, 1621.44it/s] 70%|██████▉   | 11482/16454 [00:07<00:03, 1607.77it/s] 71%|███████   | 11643/16454 [00:07<00:03, 1582.70it/s] 72%|███████▏  | 11805/16454 [00:07<00:02, 1593.19it/s] 73%|███████▎  | 11980/16454 [00:07<00:02, 1635.97it/s] 74%|███████▍  | 12144/16454 [00:07<00:02, 1628.30it/s] 75%|███████▍  | 12318/16454 [00:08<00:02, 1659.18it/s] 76%|███████▌  | 12485/16454 [00:08<00:04, 942.93it/s]  77%|███████▋  | 12648/16454 [00:08<00:03, 1075.79it/s] 78%|███████▊  | 12811/16454 [00:08<00:03, 1193.90it/s] 79%|███████▉  | 12975/16454 [00:08<00:02, 1299.20it/s] 80%|███████▉  | 13148/16454 [00:08<00:02, 1407.00it/s] 81%|████████  | 13309/16454 [00:08<00:02, 1459.46it/s] 82%|████████▏ | 13471/16454 [00:09<00:01, 1502.01it/s] 83%|████████▎ | 13631/16454 [00:09<00:01, 1516.06it/s] 84%|████████▍ | 13790/16454 [00:09<00:01, 1533.77it/s] 85%|████████▍ | 13950/16454 [00:09<00:01, 1551.65it/s] 86%|████████▌ | 14109/16454 [00:09<00:01, 1549.54it/s] 87%|████████▋ | 14267/16454 [00:09<00:01, 1521.32it/s] 88%|████████▊ | 14421/16454 [00:09<00:01, 1525.24it/s] 89%|████████▊ | 14575/16454 [00:09<00:01, 1514.96it/s] 90%|████████▉ | 14728/16454 [00:09<00:01, 1504.84it/s] 90%|█████████ | 14880/16454 [00:09<00:01, 1503.24it/s] 91%|█████████▏| 15032/16454 [00:10<00:00, 1503.68it/s] 92%|█████████▏| 15185/16454 [00:10<00:00, 1511.34it/s] 93%|█████████▎| 15337/16454 [00:10<00:00, 1481.02it/s] 94%|█████████▍| 15487/16454 [00:10<00:00, 1485.00it/s] 95%|█████████▌| 15643/16454 [00:10<00:00, 1503.85it/s] 96%|█████████▌| 15794/16454 [00:10<00:00, 1503.72it/s] 97%|█████████▋| 15947/16454 [00:10<00:00, 1510.09it/s] 98%|█████████▊| 16100/16454 [00:10<00:00, 1514.08it/s] 99%|█████████▉| 16253/16454 [00:10<00:00, 1518.37it/s]100%|█████████▉| 16406/16454 [00:10<00:00, 1519.13it/s]100%|██████████| 16454/16454 [00:11<00:00, 1493.04it/s]
Done! result is written to the json file
