==============================
Settings:
ckp_name:       BertNEROriginal_ALL     
batch_size:     48                      
==============================
  0%|          | 0/16454 [00:00<?, ?it/s]  0%|          | 41/16454 [00:00<00:40, 403.46it/s]  1%|          | 105/16454 [00:00<00:30, 541.17it/s]  1%|          | 170/16454 [00:00<00:27, 589.66it/s]  1%|▏         | 243/16454 [00:00<00:25, 642.73it/s]  2%|▏         | 308/16454 [00:00<00:25, 635.62it/s]  2%|▏         | 375/16454 [00:00<00:24, 646.74it/s]  3%|▎         | 443/16454 [00:00<00:24, 657.40it/s]  3%|▎         | 509/16454 [00:00<00:24, 653.23it/s]  4%|▎         | 578/16454 [00:00<00:24, 658.12it/s]  4%|▍         | 644/16454 [00:01<00:24, 639.39it/s]  4%|▍         | 709/16454 [00:01<00:24, 635.73it/s]  5%|▍         | 775/16454 [00:01<00:24, 641.87it/s]  5%|▌         | 840/16454 [00:01<00:25, 622.05it/s]  6%|▌         | 910/16454 [00:01<00:24, 643.22it/s]  6%|▌         | 975/16454 [00:01<00:24, 642.02it/s]  6%|▋         | 1041/16454 [00:01<00:23, 643.96it/s]  7%|▋         | 1106/16454 [00:01<00:24, 619.15it/s]  7%|▋         | 1176/16454 [00:01<00:23, 639.44it/s]  8%|▊         | 1241/16454 [00:01<00:23, 636.18it/s]  8%|▊         | 1305/16454 [00:02<00:24, 624.54it/s]  8%|▊         | 1372/16454 [00:02<00:23, 637.30it/s]  9%|▊         | 1439/16454 [00:02<00:23, 642.94it/s]  9%|▉         | 1507/16454 [00:02<00:22, 651.95it/s] 10%|▉         | 1573/16454 [00:02<00:23, 636.94it/s] 10%|▉         | 1640/16454 [00:02<00:23, 640.90it/s] 10%|█         | 1705/16454 [00:02<00:23, 641.18it/s] 11%|█         | 1770/16454 [00:02<00:23, 629.55it/s] 11%|█         | 1834/16454 [00:02<00:23, 627.29it/s] 12%|█▏        | 1902/16454 [00:02<00:22, 641.48it/s] 12%|█▏        | 1967/16454 [00:03<00:23, 623.21it/s] 12%|█▏        | 2030/16454 [00:03<00:23, 615.79it/s] 13%|█▎        | 2092/16454 [00:03<00:23, 601.88it/s] 13%|█▎        | 2156/16454 [00:03<00:23, 610.65it/s] 14%|█▎        | 2224/16454 [00:03<00:22, 630.42it/s] 14%|█▍        | 2289/16454 [00:03<00:22, 634.71it/s] 14%|█▍        | 2353/16454 [00:03<00:22, 629.31it/s] 15%|█▍        | 2422/16454 [00:03<00:21, 643.76it/s] 15%|█▌        | 2487/16454 [00:03<00:21, 635.89it/s] 16%|█▌        | 2553/16454 [00:04<00:21, 642.67it/s] 16%|█▌        | 2618/16454 [00:04<00:21, 637.44it/s] 16%|█▋        | 2686/16454 [00:04<00:21, 649.73it/s] 17%|█▋        | 2752/16454 [00:04<00:21, 624.34it/s] 17%|█▋        | 2817/16454 [00:04<00:21, 630.47it/s] 18%|█▊        | 2883/16454 [00:04<00:21, 637.47it/s] 18%|█▊        | 2950/16454 [00:04<00:20, 646.59it/s] 18%|█▊        | 3017/16454 [00:04<00:20, 650.25it/s] 19%|█▊        | 3083/16454 [00:05<00:48, 278.02it/s] 19%|█▉        | 3146/16454 [00:05<00:40, 330.94it/s] 20%|█▉        | 3213/16454 [00:05<00:33, 390.28it/s] 20%|█▉        | 3278/16454 [00:05<00:29, 442.41it/s] 20%|██        | 3338/16454 [00:05<00:27, 472.10it/s] 21%|██        | 3397/16454 [00:05<00:26, 499.24it/s] 21%|██        | 3456/16454 [00:05<00:25, 517.60it/s] 21%|██▏       | 3526/16454 [00:06<00:22, 564.45it/s] 22%|██▏       | 3588/16454 [00:06<00:22, 571.70it/s] 22%|██▏       | 3660/16454 [00:06<00:20, 612.34it/s] 23%|██▎       | 3724/16454 [00:06<00:20, 615.35it/s] 23%|██▎       | 3791/16454 [00:06<00:20, 630.56it/s] 23%|██▎       | 3856/16454 [00:06<00:20, 621.62it/s] 24%|██▍       | 3920/16454 [00:06<00:20, 612.04it/s] 24%|██▍       | 3982/16454 [00:06<00:20, 608.64it/s] 25%|██▍       | 4049/16454 [00:06<00:19, 625.35it/s] 25%|██▌       | 4116/16454 [00:06<00:19, 637.72it/s] 25%|██▌       | 4184/16454 [00:07<00:18, 647.97it/s] 26%|██▌       | 4250/16454 [00:07<00:18, 648.27it/s] 26%|██▌       | 4315/16454 [00:07<00:18, 645.83it/s] 27%|██▋       | 4380/16454 [00:07<00:19, 624.14it/s] 27%|██▋       | 4450/16454 [00:07<00:18, 644.02it/s] 27%|██▋       | 4522/16454 [00:07<00:17, 665.54it/s] 28%|██▊       | 4589/16454 [00:07<00:18, 643.42it/s] 28%|██▊       | 4654/16454 [00:07<00:18, 644.88it/s] 29%|██▊       | 4720/16454 [00:07<00:18, 648.60it/s] 29%|██▉       | 4786/16454 [00:07<00:18, 644.66it/s] 29%|██▉       | 4851/16454 [00:08<00:18, 636.44it/s] 30%|██▉       | 4915/16454 [00:08<00:18, 627.15it/s] 30%|███       | 4989/16454 [00:08<00:17, 657.96it/s] 31%|███       | 5055/16454 [00:08<00:17, 658.06it/s] 31%|███       | 5121/16454 [00:08<00:17, 653.94it/s] 32%|███▏      | 5187/16454 [00:08<00:18, 625.59it/s] 32%|███▏      | 5250/16454 [00:08<00:18, 619.89it/s] 32%|███▏      | 5316/16454 [00:08<00:17, 630.88it/s] 33%|███▎      | 5380/16454 [00:08<00:17, 624.41it/s] 33%|███▎      | 5452/16454 [00:09<00:16, 651.66it/s] 34%|███▎      | 5518/16454 [00:09<00:16, 648.01it/s] 34%|███▍      | 5583/16454 [00:09<00:17, 631.83it/s] 34%|███▍      | 5647/16454 [00:09<00:17, 629.92it/s] 35%|███▍      | 5711/16454 [00:09<00:17, 620.29it/s] 35%|███▌      | 5778/16454 [00:09<00:16, 634.25it/s] 36%|███▌      | 5842/16454 [00:09<00:16, 630.82it/s] 36%|███▌      | 5912/16454 [00:09<00:16, 648.18it/s] 36%|███▋      | 5977/16454 [00:09<00:16, 644.79it/s] 37%|███▋      | 6049/16454 [00:09<00:15, 666.47it/s] 37%|███▋      | 6118/16454 [00:10<00:15, 671.21it/s] 38%|███▊      | 6186/16454 [00:10<00:15, 673.77it/s] 38%|███▊      | 6254/16454 [00:10<00:15, 655.92it/s] 38%|███▊      | 6320/16454 [00:10<00:15, 642.12it/s] 39%|███▉      | 6390/16454 [00:10<00:15, 652.94it/s] 39%|███▉      | 6461/16454 [00:10<00:14, 668.62it/s] 40%|███▉      | 6528/16454 [00:10<00:15, 659.49it/s] 40%|████      | 6595/16454 [00:10<00:15, 651.02it/s] 40%|████      | 6661/16454 [00:10<00:15, 643.24it/s] 41%|████      | 6730/16454 [00:11<00:14, 655.49it/s] 41%|████▏     | 6796/16454 [00:11<00:15, 636.75it/s] 42%|████▏     | 6865/16454 [00:11<00:14, 648.47it/s] 42%|████▏     | 6930/16454 [00:11<00:14, 637.00it/s] 43%|████▎     | 6994/16454 [00:11<00:14, 630.88it/s] 43%|████▎     | 7066/16454 [00:11<00:14, 656.53it/s] 43%|████▎     | 7133/16454 [00:11<00:14, 658.78it/s] 44%|████▍     | 7199/16454 [00:12<00:33, 279.09it/s] 44%|████▍     | 7263/16454 [00:12<00:27, 333.19it/s] 44%|████▍     | 7322/16454 [00:12<00:24, 378.14it/s] 45%|████▍     | 7384/16454 [00:12<00:21, 426.69it/s] 45%|████▌     | 7445/16454 [00:12<00:19, 466.58it/s] 46%|████▌     | 7504/16454 [00:12<00:18, 490.84it/s] 46%|████▌     | 7570/16454 [00:12<00:16, 532.55it/s] 46%|████▋     | 7636/16454 [00:12<00:15, 565.46it/s] 47%|████▋     | 7698/16454 [00:13<00:15, 574.18it/s] 47%|████▋     | 7760/16454 [00:13<00:14, 583.73it/s] 48%|████▊     | 7823/16454 [00:13<00:14, 595.97it/s] 48%|████▊     | 7885/16454 [00:13<00:14, 602.64it/s] 48%|████▊     | 7947/16454 [00:13<00:14, 604.12it/s] 49%|████▊     | 8009/16454 [00:13<00:14, 583.23it/s] 49%|████▉     | 8069/16454 [00:13<00:14, 582.08it/s] 49%|████▉     | 8137/16454 [00:13<00:13, 609.78it/s] 50%|████▉     | 8201/16454 [00:13<00:13, 615.66it/s] 50%|█████     | 8263/16454 [00:13<00:13, 608.50it/s] 51%|█████     | 8332/16454 [00:14<00:12, 632.04it/s] 51%|█████     | 8396/16454 [00:14<00:12, 634.29it/s] 51%|█████▏    | 8460/16454 [00:14<00:13, 596.73it/s] 52%|█████▏    | 8527/16454 [00:14<00:12, 615.84it/s] 52%|█████▏    | 8590/16454 [00:14<00:12, 619.12it/s] 53%|█████▎    | 8664/16454 [00:14<00:11, 651.11it/s] 53%|█████▎    | 8733/16454 [00:14<00:11, 661.41it/s] 54%|█████▎    | 8808/16454 [00:14<00:11, 684.41it/s] 54%|█████▍    | 8877/16454 [00:14<00:11, 664.28it/s] 54%|█████▍    | 8952/16454 [00:14<00:10, 687.00it/s] 55%|█████▍    | 9021/16454 [00:15<00:11, 655.32it/s] 55%|█████▌    | 9087/16454 [00:15<00:11, 647.07it/s] 56%|█████▌    | 9161/16454 [00:15<00:10, 670.07it/s] 56%|█████▌    | 9229/16454 [00:15<00:11, 634.23it/s] 57%|█████▋    | 9309/16454 [00:15<00:10, 677.87it/s] 57%|█████▋    | 9383/16454 [00:15<00:10, 693.39it/s] 57%|█████▋    | 9453/16454 [00:15<00:10, 664.14it/s] 58%|█████▊    | 9520/16454 [00:15<00:10, 634.71it/s] 58%|█████▊    | 9584/16454 [00:15<00:10, 631.25it/s] 59%|█████▊    | 9655/16454 [00:16<00:10, 652.45it/s] 59%|█████▉    | 9721/16454 [00:16<00:10, 652.66it/s] 60%|█████▉    | 9795/16454 [00:16<00:09, 677.09it/s] 60%|█████▉    | 9868/16454 [00:16<00:09, 691.96it/s] 60%|██████    | 9943/16454 [00:16<00:09, 707.74it/s] 61%|██████    | 10014/16454 [00:16<00:09, 700.14it/s] 61%|██████▏   | 10085/16454 [00:16<00:09, 693.14it/s] 62%|██████▏   | 10155/16454 [00:16<00:09, 663.53it/s] 62%|██████▏   | 10222/16454 [00:16<00:10, 618.34it/s] 63%|██████▎   | 10285/16454 [00:17<00:10, 603.50it/s] 63%|██████▎   | 10349/16454 [00:17<00:09, 613.54it/s] 63%|██████▎   | 10415/16454 [00:17<00:09, 626.12it/s] 64%|██████▎   | 10478/16454 [00:17<00:09, 621.46it/s] 64%|██████▍   | 10541/16454 [00:17<00:09, 612.01it/s] 64%|██████▍   | 10603/16454 [00:17<00:09, 612.40it/s] 65%|██████▍   | 10669/16454 [00:17<00:09, 621.55it/s] 65%|██████▌   | 10745/16454 [00:17<00:08, 657.33it/s] 66%|██████▌   | 10812/16454 [00:17<00:08, 660.75it/s] 66%|██████▌   | 10880/16454 [00:17<00:08, 661.89it/s] 67%|██████▋   | 10947/16454 [00:18<00:08, 646.00it/s] 67%|██████▋   | 11014/16454 [00:18<00:08, 651.53it/s] 67%|██████▋   | 11080/16454 [00:18<00:08, 653.39it/s] 68%|██████▊   | 11146/16454 [00:18<00:08, 638.42it/s] 68%|██████▊   | 11210/16454 [00:18<00:08, 628.12it/s] 69%|██████▊   | 11274/16454 [00:18<00:08, 629.59it/s] 69%|██████▉   | 11342/16454 [00:18<00:07, 643.76it/s] 69%|██████▉   | 11407/16454 [00:18<00:07, 636.69it/s] 70%|██████▉   | 11476/16454 [00:18<00:07, 649.40it/s] 70%|███████   | 11542/16454 [00:18<00:07, 630.94it/s] 71%|███████   | 11606/16454 [00:19<00:07, 616.92it/s] 71%|███████   | 11677/16454 [00:19<00:07, 641.66it/s] 71%|███████▏  | 11743/16454 [00:19<00:07, 646.83it/s] 72%|███████▏  | 11808/16454 [00:19<00:07, 631.18it/s] 72%|███████▏  | 11881/16454 [00:19<00:06, 655.00it/s] 73%|███████▎  | 11947/16454 [00:19<00:06, 647.73it/s] 73%|███████▎  | 12014/16454 [00:19<00:06, 653.21it/s] 73%|███████▎  | 12080/16454 [00:19<00:06, 640.53it/s] 74%|███████▍  | 12145/16454 [00:19<00:06, 642.29it/s] 74%|███████▍  | 12212/16454 [00:20<00:06, 648.60it/s] 75%|███████▍  | 12283/16454 [00:20<00:06, 664.51it/s] 75%|███████▌  | 12350/16454 [00:20<00:06, 654.95it/s] 75%|███████▌  | 12416/16454 [00:20<00:15, 260.84it/s] 76%|███████▌  | 12485/16454 [00:20<00:12, 321.06it/s] 76%|███████▋  | 12552/16454 [00:21<00:10, 379.12it/s] 77%|███████▋  | 12611/16454 [00:21<00:09, 419.21it/s] 77%|███████▋  | 12675/16454 [00:21<00:08, 466.02it/s] 77%|███████▋  | 12739/16454 [00:21<00:07, 506.71it/s] 78%|███████▊  | 12802/16454 [00:21<00:06, 535.53it/s] 78%|███████▊  | 12870/16454 [00:21<00:06, 573.33it/s] 79%|███████▊  | 12934/16454 [00:21<00:06, 582.05it/s] 79%|███████▉  | 13003/16454 [00:21<00:05, 610.19it/s] 79%|███████▉  | 13073/16454 [00:21<00:05, 633.02it/s] 80%|███████▉  | 13142/16454 [00:21<00:05, 647.75it/s] 80%|████████  | 13209/16454 [00:22<00:05, 637.24it/s] 81%|████████  | 13276/16454 [00:22<00:04, 645.88it/s] 81%|████████  | 13342/16454 [00:22<00:04, 639.82it/s] 82%|████████▏ | 13411/16454 [00:22<00:04, 652.04it/s] 82%|████████▏ | 13477/16454 [00:22<00:04, 626.74it/s] 82%|████████▏ | 13541/16454 [00:22<00:04, 622.60it/s] 83%|████████▎ | 13605/16454 [00:22<00:04, 625.73it/s] 83%|████████▎ | 13668/16454 [00:22<00:04, 603.93it/s] 83%|████████▎ | 13731/16454 [00:22<00:04, 609.33it/s] 84%|████████▍ | 13800/16454 [00:23<00:04, 629.87it/s] 84%|████████▍ | 13864/16454 [00:23<00:04, 630.21it/s] 85%|████████▍ | 13928/16454 [00:23<00:04, 629.70it/s] 85%|████████▌ | 13992/16454 [00:23<00:03, 618.49it/s] 85%|████████▌ | 14056/16454 [00:23<00:03, 624.55it/s] 86%|████████▌ | 14120/16454 [00:23<00:03, 628.86it/s] 86%|████████▌ | 14183/16454 [00:23<00:03, 627.87it/s] 87%|████████▋ | 14246/16454 [00:23<00:03, 603.82it/s] 87%|████████▋ | 14307/16454 [00:23<00:03, 605.27it/s] 87%|████████▋ | 14368/16454 [00:23<00:03, 606.57it/s] 88%|████████▊ | 14432/16454 [00:24<00:03, 613.32it/s] 88%|████████▊ | 14494/16454 [00:24<00:03, 599.73it/s] 88%|████████▊ | 14555/16454 [00:24<00:03, 602.19it/s] 89%|████████▉ | 14617/16454 [00:24<00:03, 607.37it/s] 89%|████████▉ | 14678/16454 [00:24<00:03, 590.20it/s] 90%|████████▉ | 14743/16454 [00:24<00:02, 605.20it/s] 90%|████████▉ | 14807/16454 [00:24<00:02, 614.98it/s] 90%|█████████ | 14869/16454 [00:24<00:02, 611.60it/s] 91%|█████████ | 14933/16454 [00:24<00:02, 617.99it/s] 91%|█████████ | 14995/16454 [00:24<00:02, 617.18it/s] 92%|█████████▏| 15057/16454 [00:25<00:02, 599.67it/s] 92%|█████████▏| 15119/16454 [00:25<00:02, 604.58it/s] 92%|█████████▏| 15182/16454 [00:25<00:02, 609.45it/s] 93%|█████████▎| 15244/16454 [00:25<00:02, 603.29it/s] 93%|█████████▎| 15305/16454 [00:25<00:01, 597.87it/s] 93%|█████████▎| 15367/16454 [00:25<00:01, 600.84it/s] 94%|█████████▍| 15428/16454 [00:25<00:01, 584.31it/s] 94%|█████████▍| 15493/16454 [00:25<00:01, 602.86it/s] 95%|█████████▍| 15561/16454 [00:25<00:01, 621.79it/s] 95%|█████████▍| 15624/16454 [00:26<00:01, 607.14it/s] 95%|█████████▌| 15690/16454 [00:26<00:01, 621.78it/s] 96%|█████████▌| 15753/16454 [00:26<00:01, 605.81it/s] 96%|█████████▌| 15815/16454 [00:26<00:01, 608.63it/s] 96%|█████████▋| 15876/16454 [00:26<00:00, 607.79it/s] 97%|█████████▋| 15938/16454 [00:26<00:00, 609.17it/s] 97%|█████████▋| 16001/16454 [00:26<00:00, 615.08it/s] 98%|█████████▊| 16063/16454 [00:26<00:00, 604.18it/s] 98%|█████████▊| 16129/16454 [00:26<00:00, 618.88it/s] 98%|█████████▊| 16192/16454 [00:26<00:00, 620.04it/s] 99%|█████████▉| 16255/16454 [00:27<00:00, 613.31it/s] 99%|█████████▉| 16317/16454 [00:27<00:00, 602.70it/s]100%|█████████▉| 16381/16454 [00:27<00:00, 613.38it/s]100%|█████████▉| 16443/16454 [00:27<00:00, 596.19it/s]100%|██████████| 16454/16454 [00:27<00:00, 600.88it/s]
/mount/arbeitsdaten61/studenten3/advanced-ml/2022/YungChing/ner_env/lib64/python3.10/site-packages/sklearn/metrics/_classification.py:1471: UndefinedMetricWarning: Recall and F-score are ill-defined and being set to 0.0 in labels with no true samples. Use `zero_division` parameter to control this behavior.
  _warn_prf(average, modifier, msg_start, len(result))
Done! result is written to the json file
