==============================
Settings:
ckp_name:       BertNERLSTM_ALL     
batch_size:     48                  
==============================
  0%|          | 0/16454 [00:00<?, ?it/s]  0%|          | 40/16454 [00:00<00:41, 397.80it/s]  1%|          | 101/16454 [00:00<00:31, 520.25it/s]  1%|          | 161/16454 [00:00<00:29, 555.46it/s]  1%|▏         | 232/16454 [00:00<00:26, 616.20it/s]  2%|▏         | 298/16454 [00:00<00:25, 631.67it/s]  2%|▏         | 362/16454 [00:00<00:26, 614.46it/s]  3%|▎         | 432/16454 [00:00<00:25, 639.59it/s]  3%|▎         | 497/16454 [00:00<00:24, 641.84it/s]  3%|▎         | 563/16454 [00:00<00:24, 636.63it/s]  4%|▍         | 627/16454 [00:01<00:24, 636.89it/s]  4%|▍         | 691/16454 [00:01<00:25, 619.89it/s]  5%|▍         | 762/16454 [00:01<00:24, 645.57it/s]  5%|▌         | 827/16454 [00:01<00:24, 627.81it/s]  5%|▌         | 897/16454 [00:01<00:23, 648.73it/s]  6%|▌         | 963/16454 [00:01<00:23, 649.55it/s]  6%|▋         | 1029/16454 [00:01<00:23, 642.77it/s]  7%|▋         | 1094/16454 [00:01<00:24, 620.64it/s]  7%|▋         | 1160/16454 [00:01<00:24, 631.18it/s]  7%|▋         | 1224/16454 [00:01<00:24, 627.13it/s]  8%|▊         | 1287/16454 [00:02<00:24, 619.67it/s]  8%|▊         | 1357/16454 [00:02<00:23, 639.16it/s]  9%|▊         | 1423/16454 [00:02<00:23, 641.85it/s]  9%|▉         | 1488/16454 [00:02<00:23, 642.37it/s]  9%|▉         | 1553/16454 [00:02<00:23, 634.41it/s] 10%|▉         | 1617/16454 [00:02<00:23, 629.26it/s] 10%|█         | 1685/16454 [00:02<00:22, 642.25it/s] 11%|█         | 1750/16454 [00:02<00:23, 629.13it/s] 11%|█         | 1813/16454 [00:02<00:23, 613.20it/s] 11%|█▏        | 1883/16454 [00:03<00:22, 637.15it/s] 12%|█▏        | 1947/16454 [00:03<00:23, 628.86it/s] 12%|█▏        | 2011/16454 [00:03<00:23, 606.95it/s] 13%|█▎        | 2072/16454 [00:03<00:24, 591.49it/s] 13%|█▎        | 2136/16454 [00:03<00:23, 605.12it/s] 13%|█▎        | 2204/16454 [00:03<00:22, 625.95it/s] 14%|█▍        | 2268/16454 [00:03<00:22, 626.75it/s] 14%|█▍        | 2332/16454 [00:03<00:22, 630.09it/s] 15%|█▍        | 2396/16454 [00:03<00:22, 632.64it/s] 15%|█▍        | 2460/16454 [00:03<00:22, 628.66it/s] 15%|█▌        | 2527/16454 [00:04<00:21, 640.06it/s] 16%|█▌        | 2592/16454 [00:04<00:21, 640.16it/s] 16%|█▌        | 2657/16454 [00:04<00:21, 635.12it/s] 17%|█▋        | 2721/16454 [00:04<00:21, 630.55it/s] 17%|█▋        | 2785/16454 [00:04<00:22, 619.52it/s] 17%|█▋        | 2848/16454 [00:04<00:22, 613.20it/s] 18%|█▊        | 2916/16454 [00:04<00:21, 631.32it/s] 18%|█▊        | 2981/16454 [00:04<00:21, 635.91it/s] 19%|█▊        | 3053/16454 [00:04<00:20, 658.06it/s] 19%|█▉        | 3119/16454 [00:05<00:40, 328.89it/s] 20%|█▉        | 3230/16454 [00:05<00:28, 464.13it/s] 20%|██        | 3332/16454 [00:05<00:22, 573.05it/s] 21%|██        | 3424/16454 [00:05<00:20, 649.43it/s] 21%|██▏       | 3531/16454 [00:05<00:17, 749.87it/s] 22%|██▏       | 3639/16454 [00:05<00:15, 833.81it/s] 23%|██▎       | 3739/16454 [00:05<00:14, 876.77it/s] 23%|██▎       | 3841/16454 [00:06<00:13, 914.08it/s] 24%|██▍       | 3939/16454 [00:06<00:13, 932.29it/s] 25%|██▍       | 4045/16454 [00:06<00:12, 967.89it/s] 25%|██▌       | 4154/16454 [00:06<00:12, 1000.67it/s] 26%|██▌       | 4262/16454 [00:06<00:11, 1023.33it/s] 27%|██▋       | 4367/16454 [00:06<00:12, 990.71it/s]  27%|██▋       | 4481/16454 [00:06<00:11, 1032.10it/s] 28%|██▊       | 4586/16454 [00:06<00:11, 1029.88it/s] 29%|██▊       | 4693/16454 [00:06<00:11, 1038.75it/s] 29%|██▉       | 4800/16454 [00:06<00:11, 1046.29it/s] 30%|██▉       | 4906/16454 [00:07<00:11, 1025.89it/s] 31%|███       | 5021/16454 [00:07<00:10, 1059.74it/s] 31%|███       | 5128/16454 [00:07<00:10, 1057.23it/s] 32%|███▏      | 5234/16454 [00:07<00:10, 1027.02it/s] 32%|███▏      | 5338/16454 [00:07<00:10, 1029.77it/s] 33%|███▎      | 5452/16454 [00:07<00:10, 1059.58it/s] 34%|███▍      | 5559/16454 [00:07<00:10, 1041.00it/s] 34%|███▍      | 5666/16454 [00:07<00:10, 1047.48it/s] 35%|███▌      | 5772/16454 [00:07<00:10, 1050.21it/s] 36%|███▌      | 5878/16454 [00:07<00:10, 1051.01it/s] 36%|███▋      | 5987/16454 [00:08<00:09, 1058.17it/s] 37%|███▋      | 6097/16454 [00:08<00:09, 1067.24it/s] 38%|███▊      | 6210/16454 [00:08<00:09, 1078.99it/s] 38%|███▊      | 6318/16454 [00:08<00:09, 1058.79it/s] 39%|███▉      | 6433/16454 [00:08<00:09, 1084.76it/s] 40%|███▉      | 6542/16454 [00:08<00:09, 1076.92it/s] 40%|████      | 6650/16454 [00:08<00:09, 1061.91it/s] 41%|████      | 6758/16454 [00:08<00:09, 1063.85it/s] 42%|████▏     | 6865/16454 [00:08<00:09, 1061.97it/s] 42%|████▏     | 6972/16454 [00:08<00:09, 1020.97it/s] 43%|████▎     | 7087/16454 [00:09<00:08, 1056.25it/s] 44%|████▎     | 7193/16454 [00:09<00:18, 509.71it/s]  44%|████▍     | 7294/16454 [00:09<00:15, 592.43it/s] 45%|████▍     | 7398/16454 [00:09<00:13, 677.86it/s] 46%|████▌     | 7493/16454 [00:09<00:12, 735.25it/s] 46%|████▌     | 7600/16454 [00:09<00:10, 812.59it/s] 47%|████▋     | 7697/16454 [00:10<00:10, 852.03it/s] 47%|████▋     | 7796/16454 [00:10<00:09, 887.46it/s] 48%|████▊     | 7907/16454 [00:10<00:09, 945.23it/s] 49%|████▊     | 8008/16454 [00:10<00:09, 930.85it/s] 49%|████▉     | 8106/16454 [00:10<00:08, 938.22it/s] 50%|████▉     | 8219/16454 [00:10<00:08, 988.16it/s] 51%|█████     | 8324/16454 [00:10<00:08, 1005.35it/s] 51%|█████     | 8427/16454 [00:10<00:08, 993.43it/s]  52%|█████▏    | 8536/16454 [00:10<00:07, 1019.73it/s] 53%|█████▎    | 8642/16454 [00:10<00:07, 1031.47it/s] 53%|█████▎    | 8755/16454 [00:11<00:07, 1060.11it/s] 54%|█████▍    | 8865/16454 [00:11<00:07, 1069.47it/s] 55%|█████▍    | 8974/16454 [00:11<00:06, 1072.24it/s] 55%|█████▌    | 9082/16454 [00:11<00:06, 1065.39it/s] 56%|█████▌    | 9189/16454 [00:11<00:06, 1057.63it/s] 57%|█████▋    | 9309/16454 [00:11<00:06, 1098.35it/s] 57%|█████▋    | 9423/16454 [00:11<00:06, 1109.02it/s] 58%|█████▊    | 9535/16454 [00:11<00:06, 1051.20it/s] 59%|█████▊    | 9645/16454 [00:11<00:06, 1064.39it/s] 59%|█████▉    | 9755/16454 [00:12<00:06, 1071.96it/s] 60%|█████▉    | 9869/16454 [00:12<00:06, 1089.57it/s] 61%|██████    | 9989/16454 [00:12<00:05, 1121.42it/s] 61%|██████▏   | 10102/16454 [00:12<00:05, 1101.52it/s] 62%|██████▏   | 10213/16454 [00:12<00:05, 1050.82it/s] 63%|██████▎   | 10319/16454 [00:12<00:05, 1037.65it/s] 63%|██████▎   | 10424/16454 [00:12<00:05, 1037.73it/s] 64%|██████▍   | 10529/16454 [00:12<00:05, 1021.89it/s] 65%|██████▍   | 10632/16454 [00:12<00:05, 1022.41it/s] 65%|██████▌   | 10748/16454 [00:12<00:05, 1059.69it/s] 66%|██████▌   | 10860/16454 [00:13<00:05, 1075.16it/s] 67%|██████▋   | 10968/16454 [00:13<00:05, 1062.47it/s] 67%|██████▋   | 11079/16454 [00:13<00:05, 1073.90it/s] 68%|██████▊   | 11187/16454 [00:13<00:05, 1042.26it/s] 69%|██████▊   | 11295/16454 [00:13<00:04, 1049.00it/s] 69%|██████▉   | 11401/16454 [00:13<00:04, 1041.61it/s] 70%|██████▉   | 11507/16454 [00:13<00:04, 1046.01it/s] 71%|███████   | 11612/16454 [00:13<00:04, 1028.73it/s] 71%|███████   | 11723/16454 [00:13<00:04, 1050.22it/s] 72%|███████▏  | 11829/16454 [00:13<00:04, 1036.60it/s] 73%|███████▎  | 11939/16454 [00:14<00:04, 1054.89it/s] 73%|███████▎  | 12045/16454 [00:14<00:04, 1046.26it/s] 74%|███████▍  | 12153/16454 [00:14<00:04, 1055.04it/s] 75%|███████▍  | 12265/16454 [00:14<00:03, 1073.58it/s] 75%|███████▌  | 12373/16454 [00:14<00:03, 1059.04it/s] 76%|███████▌  | 12479/16454 [00:15<00:08, 471.33it/s]  76%|███████▋  | 12583/16454 [00:15<00:06, 560.72it/s] 77%|███████▋  | 12691/16454 [00:15<00:05, 655.47it/s] 78%|███████▊  | 12790/16454 [00:15<00:05, 724.02it/s] 78%|███████▊  | 12897/16454 [00:15<00:04, 803.09it/s] 79%|███████▉  | 13004/16454 [00:15<00:03, 868.78it/s] 80%|███████▉  | 13116/16454 [00:15<00:03, 931.35it/s] 80%|████████  | 13223/16454 [00:15<00:03, 967.22it/s] 81%|████████  | 13328/16454 [00:15<00:03, 987.96it/s] 82%|████████▏ | 13433/16454 [00:15<00:03, 1000.37it/s] 82%|████████▏ | 13538/16454 [00:16<00:02, 985.88it/s]  83%|████████▎ | 13640/16454 [00:16<00:02, 974.27it/s] 84%|████████▎ | 13743/16454 [00:16<00:02, 988.70it/s] 84%|████████▍ | 13850/16454 [00:16<00:02, 1009.71it/s] 85%|████████▍ | 13954/16454 [00:16<00:02, 1017.67it/s] 85%|████████▌ | 14057/16454 [00:16<00:02, 1008.94it/s] 86%|████████▌ | 14163/16454 [00:16<00:02, 1022.57it/s] 87%|████████▋ | 14266/16454 [00:16<00:02, 994.76it/s]  87%|████████▋ | 14368/16454 [00:16<00:02, 999.49it/s] 88%|████████▊ | 14469/16454 [00:16<00:01, 999.29it/s] 89%|████████▊ | 14570/16454 [00:17<00:01, 997.16it/s] 89%|████████▉ | 14670/16454 [00:17<00:01, 987.23it/s] 90%|████████▉ | 14775/16454 [00:17<00:01, 1004.20it/s] 90%|█████████ | 14876/16454 [00:17<00:01, 1002.86it/s] 91%|█████████ | 14978/16454 [00:17<00:01, 1005.88it/s] 92%|█████████▏| 15079/16454 [00:17<00:01, 998.75it/s]  92%|█████████▏| 15181/16454 [00:17<00:01, 1004.08it/s] 93%|█████████▎| 15282/16454 [00:17<00:01, 989.34it/s]  93%|█████████▎| 15382/16454 [00:17<00:01, 970.25it/s] 94%|█████████▍| 15480/16454 [00:17<00:01, 964.37it/s] 95%|█████████▍| 15584/16454 [00:18<00:00, 986.26it/s] 95%|█████████▌| 15687/16454 [00:18<00:00, 997.89it/s] 96%|█████████▌| 15787/16454 [00:18<00:00, 986.30it/s] 97%|█████████▋| 15886/16454 [00:18<00:00, 984.99it/s] 97%|█████████▋| 15992/16454 [00:18<00:00, 1005.86it/s] 98%|█████████▊| 16093/16454 [00:18<00:00, 1001.92it/s] 98%|█████████▊| 16197/16454 [00:18<00:00, 1012.29it/s] 99%|█████████▉| 16299/16454 [00:18<00:00, 999.53it/s] 100%|█████████▉| 16403/16454 [00:18<00:00, 1011.04it/s]100%|██████████| 16454/16454 [00:18<00:00, 867.58it/s] 
/mount/arbeitsdaten61/studenten3/advanced-ml/2022/YungChing/ner_env/lib64/python3.10/site-packages/sklearn/metrics/_classification.py:1471: UndefinedMetricWarning: Recall and F-score are ill-defined and being set to 0.0 in labels with no true samples. Use `zero_division` parameter to control this behavior.
  _warn_prf(average, modifier, msg_start, len(result))
Done! result is written to the json file
